// Jest Snapshot v1, https://goo.gl/fbAQLP

exports[`Given an App component When it's rendered with path '/*' Then it should render 'Register Page' 1`] = `
<main
  className="sc-dkrFOg jOPgCP"
>
  <div
    className="MuiBox-root css-19r8ggj"
  >
    <div
      className="MuiContainer-root MuiContainer-maxWidthLg css-2tlbyn-MuiContainer-root"
    >
      <form
        className="MuiPaper-root MuiPaper-elevation MuiPaper-rounded MuiPaper-elevation1 form-container css-pyyv1u-MuiPaper-root"
        noValidate={true}
        onSubmit={[Function]}
      >
        <h1
          className="MuiTypography-root MuiTypography-body1 title css-ahj2mt-MuiTypography-root"
        >
          Bloody Nose
        </h1>
        <h2
          className="MuiTypography-root MuiTypography-body1 title__register css-ahj2mt-MuiTypography-root"
        >
          Register
        </h2>
        <div
          aria-label="username"
          className="MuiFormControl-root MuiFormControl-fullWidth MuiTextField-root input css-1rmt1wa-MuiFormControl-root-MuiTextField-root"
        >
          <label
            className="MuiFormLabel-root MuiInputLabel-root MuiInputLabel-formControl MuiInputLabel-animated MuiInputLabel-filled MuiFormLabel-colorPrimary Mui-required MuiInputLabel-root MuiInputLabel-formControl MuiInputLabel-animated MuiInputLabel-filled css-e4w4as-MuiFormLabel-root-MuiInputLabel-root"
            data-shrink={false}
            htmlFor="username"
            id="username-label"
            style={
              Object {
                "color": "#d3d4d9",
              }
            }
          >
            Username
            <span
              aria-hidden={true}
              className="MuiFormLabel-asterisk MuiInputLabel-asterisk css-wgai2y-MuiFormLabel-asterisk"
            >
               
              *
            </span>
          </label>
          <div
            className="MuiInputBase-root MuiFilledInput-root MuiFilledInput-underline MuiInputBase-colorPrimary MuiInputBase-fullWidth MuiInputBase-formControl css-gjbq6i-MuiInputBase-root-MuiFilledInput-root"
            onClick={[Function]}
          >
            <input
              aria-invalid={false}
              autoComplete="off"
              autoFocus={false}
              className="MuiInputBase-input MuiFilledInput-input css-10botns-MuiInputBase-input-MuiFilledInput-input"
              disabled={false}
              id="username"
              name="username"
              onAnimationStart={[Function]}
              onBlur={[Function]}
              onChange={[Function]}
              onFocus={[Function]}
              required={true}
              type="text"
            />
          </div>
        </div>
        <div
          aria-label="password"
          className="MuiFormControl-root MuiFormControl-fullWidth MuiTextField-root input css-1rmt1wa-MuiFormControl-root-MuiTextField-root"
        >
          <label
            className="MuiFormLabel-root MuiInputLabel-root MuiInputLabel-formControl MuiInputLabel-animated MuiInputLabel-filled MuiFormLabel-colorPrimary Mui-required MuiInputLabel-root MuiInputLabel-formControl MuiInputLabel-animated MuiInputLabel-filled css-e4w4as-MuiFormLabel-root-MuiInputLabel-root"
            data-shrink={false}
            htmlFor="password"
            id="password-label"
            style={
              Object {
                "color": "#d3d4d9",
              }
            }
          >
            Password
            <span
              aria-hidden={true}
              className="MuiFormLabel-asterisk MuiInputLabel-asterisk css-wgai2y-MuiFormLabel-asterisk"
            >
               
              *
            </span>
          </label>
          <div
            className="MuiInputBase-root MuiFilledInput-root MuiFilledInput-underline MuiInputBase-colorPrimary MuiInputBase-fullWidth MuiInputBase-formControl css-gjbq6i-MuiInputBase-root-MuiFilledInput-root"
            onClick={[Function]}
          >
            <input
              aria-invalid={false}
              autoComplete="off"
              autoFocus={false}
              className="MuiInputBase-input MuiFilledInput-input css-10botns-MuiInputBase-input-MuiFilledInput-input"
              disabled={false}
              id="password"
              name="password"
              onAnimationStart={[Function]}
              onBlur={[Function]}
              onChange={[Function]}
              onFocus={[Function]}
              required={true}
              type="password"
            />
          </div>
        </div>
        <div
          aria-label="email"
          className="MuiFormControl-root MuiFormControl-marginNormal MuiFormControl-fullWidth MuiTextField-root input css-15zqajq-MuiFormControl-root-MuiTextField-root"
        >
          <label
            className="MuiFormLabel-root MuiInputLabel-root MuiInputLabel-formControl MuiInputLabel-animated MuiInputLabel-filled MuiFormLabel-colorPrimary Mui-required MuiInputLabel-root MuiInputLabel-formControl MuiInputLabel-animated MuiInputLabel-filled css-e4w4as-MuiFormLabel-root-MuiInputLabel-root"
            data-shrink={false}
            htmlFor="email"
            id="email-label"
            style={
              Object {
                "color": "#d3d4d9",
              }
            }
          >
            Email
            <span
              aria-hidden={true}
              className="MuiFormLabel-asterisk MuiInputLabel-asterisk css-wgai2y-MuiFormLabel-asterisk"
            >
               
              *
            </span>
          </label>
          <div
            className="MuiInputBase-root MuiFilledInput-root MuiFilledInput-underline MuiInputBase-colorPrimary MuiInputBase-fullWidth MuiInputBase-formControl css-gjbq6i-MuiInputBase-root-MuiFilledInput-root"
            onClick={[Function]}
          >
            <input
              aria-invalid={false}
              autoComplete="off"
              autoFocus={false}
              className="MuiInputBase-input MuiFilledInput-input css-10botns-MuiInputBase-input-MuiFilledInput-input"
              disabled={false}
              id="email"
              name="email"
              onAnimationStart={[Function]}
              onBlur={[Function]}
              onChange={[Function]}
              onFocus={[Function]}
              required={true}
              type="text"
            />
          </div>
        </div>
        <button
          className="MuiButtonBase-root MuiButton-root MuiButton-contained MuiButton-containedPrimary MuiButton-sizeMedium MuiButton-containedSizeMedium MuiButton-fullWidth MuiButton-root MuiButton-contained MuiButton-containedPrimary MuiButton-sizeMedium MuiButton-containedSizeMedium MuiButton-fullWidth register-button css-1l2mkxo-MuiButtonBase-root-MuiButton-root"
          disabled={false}
          onBlur={[Function]}
          onContextMenu={[Function]}
          onDragLeave={[Function]}
          onFocus={[Function]}
          onKeyDown={[Function]}
          onKeyUp={[Function]}
          onMouseDown={[Function]}
          onMouseLeave={[Function]}
          onMouseUp={[Function]}
          onTouchEnd={[Function]}
          onTouchMove={[Function]}
          onTouchStart={[Function]}
          style={
            Object {
              "background": "#04395E",
              "fontSize": "1,5rem",
            }
          }
          tabIndex={0}
          type="submit"
        >
          REGISTER
        </button>
        <span
          className="MuiTypography-root MuiTypography-body1 css-ahj2mt-MuiTypography-root"
        >
          Already have an account?
           
          <span
            className="login"
          >
            <a
              className="login"
              href="/login"
              onClick={[Function]}
            >
              Login here
            </a>
          </span>
        </span>
      </form>
    </div>
  </div>
</main>
`;
